<html>
<body>
<pre>
<h1>µVision Build Log</h1>
<h2>Project:</h2>
E:\stm32_text\ÂË¹âÆ¬\wifimove\Project\RVMDK£¨uv5£©\BH-F103.uvprojx
Project File Date:  01/06/2018

<h2>Output:</h2>
Rebuild target 'SysTick'
assembling startup_stm32f10x_hd.s...
compiling core_cm3.c...
compiling system_stm32f10x.c...
compiling misc.c...
compiling stm32f10x_adc.c...
compiling stm32f10x_bkp.c...
compiling stm32f10x_can.c...
compiling stm32f10x_cec.c...
compiling stm32f10x_crc.c...
compiling stm32f10x_dac.c...
compiling stm32f10x_dbgmcu.c...
compiling stm32f10x_dma.c...
compiling stm32f10x_exti.c...
compiling stm32f10x_flash.c...
compiling stm32f10x_fsmc.c...
compiling stm32f10x_gpio.c...
compiling stm32f10x_i2c.c...
compiling stm32f10x_iwdg.c...
compiling stm32f10x_pwr.c...
compiling stm32f10x_rcc.c...
compiling stm32f10x_rtc.c...
compiling stm32f10x_sdio.c...
compiling stm32f10x_spi.c...
compiling stm32f10x_tim.c...
compiling stm32f10x_usart.c...
compiling stm32f10x_wwdg.c...
compiling main.c...
compiling stm32f10x_it.c...
compiling bsp_led.c...
compiling bsp_SysTick.c...
compiling ESP8266.c...
compiling bsp_usart.c...
compiling WifiUsart..c...
linking...
Program Size: Code=7442 RO-data=470 RW-data=464 ZI-data=2408  
FromELF: creating hex file...
"..\..\Output\SysTick.axf" - 0 Error(s), 0 Warning(s).
.
linking...
Program Size: Code=7442 RO-data=470 RW-data=464 ZI-data=2408  
FromELF: creating hex file...
"..\..\Output\SysTick.axf" - 0 Error(s), 1 Warning(s).
ng bsp_SysTick.c...
compiling ESP8266.c...
..\..\User\Led\bsp_led.h(139): error:  #20: identifier "bool" is undefined
  bool DetermineBreak(u16 uDReCmdStep);
..\..\User\esp8266\ESP8266.c: 0 warnings, 1 error
compiling bsp_usart.c...
compiling WifiUsart..c...
"..\..\Output\SysTick.axf" - 3 Error(s), 1 Warning(s).
Target not created
