<html>
<body>
<pre>
<h1>礦ision Build Log</h1>
<h2>Project:</h2>
E:\stm32_text\滤光片\wifimove\Project\RVMDK（uv5）\BH-F103.uvprojx
Project File Date:  01/06/2018

<h2>Output:</h2>
Rebuild target 'SysTick'
assembling startup_stm32f10x_hd.s...
compiling core_cm3.c...
compiling system_stm32f10x.c...
compiling misc.c...
compiling stm32f10x_adc.c...
compiling stm32f10x_bkp.c...
compiling stm32f10x_can.c...
compiling stm32f10x_cec.c...
compiling stm32f10x_crc.c...
compiling stm32f10x_dac.c...
compiling stm32f10x_dbgmcu.c...
compiling stm32f10x_dma.c...
compiling stm32f10x_exti.c...
compiling stm32f10x_flash.c...
compiling stm32f10x_fsmc.c...
compiling stm32f10x_gpio.c...
compiling stm32f10x_i2c.c...
compiling stm32f10x_iwdg.c...
compiling stm32f10x_pwr.c...
compiling stm32f10x_rcc.c...
compiling stm32f10x_rtc.c...
compiling stm32f10x_sdio.c...
compiling stm32f10x_spi.c...
compiling stm32f10x_tim.c...
compiling stm32f10x_usart.c...
compiling stm32f10x_wwdg.c...
compiling main.c...
compiling stm32f10x_it.c...
compiling bsp_led.c...
compiling bsp_SysTick.c...
compiling bsp_usart.c...
compiling WifiUsart..c...
compiling ESP8266.c...
linking...
Program Size: Code=5624 RO-data=336 RW-data=52 ZI-data=2052  
FromELF: creating hex file...
"..\..\Output\SysTick.axf" - 0 Error(s), 0 Warning(s).
)
  void ESP8266_Set(unsigned char *puf) // 数组指针*puf指向字符串数组  
..\..\User\esp8266\ESP8266.c: 0 warnings, 1 error
"..\..\Output\SysTick.axf" - 1 Error(s), 0 Warning(s).
Target not created
k.axf" - 0 Error(s), 1 Warning(s).
ut\SysTick.axf: Error: L6218E: Undefined symbol DEBUG_USART_APBxClkCmd (referred from wifiusart..o).
..\..\Output\SysTick.axf: Error: L6218E: Undefined symbol DEBUG_USART_GPIO_APBxClkCmd (referred from wifiusart..o).
Not enough information to list image symbols.
Finished: 1 information, 0 warning and 2 error messages.
"..\..\Output\SysTick.axf" - 2 Error(s), 2 Warning(s).
Target not created
): warning:  #47-D: incompatible redefinition of macro "DEBUG_USART_TX_GPIO_PORT" (declared at line 24 of "..\..\User\uart1\bsp_usart.h")
  #define  DEBUG_USART_TX_GPIO_PORT         GPIOB   
..\..\User\uart3\WifiUsart.h(18): warning:  #47-D: incompatible redefinition of macro "DEBUG_USART_TX_GPIO_PIN" (declared at line 25 of "..\..\User\uart1\bsp_usart.h")
  #define  DEBUG_USART_TX_GPIO_PIN          GPIO_Pin_10
..\..\User\uart3\WifiUsart.h(19): warning:  #47-D: incompatible redefinition of macro "DEBUG_USART_RX_GPIO_PORT" (declared at line 26 of "..\..\User\uart1\bsp_usart.h")
  #define  DEBUG_USART_RX_GPIO_PORT       GPIOB
..\..\User\uart3\WifiUsart.h(20): warning:  #47-D: incompatible redefinition of macro "DEBUG_USART_RX_GPIO_PIN" (declared at line 27 of "..\..\User\uart1\bsp_usart.h")
  #define  DEBUG_USART_RX_GPIO_PIN        GPIO_Pin_11
..\..\User\stm32f10x_it.c: 8 warnings, 0 errors
compiling bsp_led.c...
compiling bsp_SysTick.c...
compiling bsp_usart.c...
compiling WifiUsart..c...
..\..\User\uart3\WifiUsart..c(102): warning:  #223-D: function "Usart_SendByte" declared implicitly
        Usart_SendByte( pUSARTx, *(str + k) );
..\..\User\uart3\WifiUsart..c: 1 warning, 0 errors
linking...
Program Size: Code=4600 RO-data=336 RW-data=44 ZI-data=1028  
FromELF: creating hex file...
"..\..\Output\SysTick.axf" - 0 Error(s), 9 Warning(s).
